backfill
Mon Aug 10 15:40:26 UTC 2026 - 1
Mon Aug 10 15:40:26 UTC 2026 - 2
Mon Aug 10 15:40:26 UTC 2026 - 3
Tue Aug 11 15:43:24 UTC 2026 - 1
Tue Aug 11 15:43:24 UTC 2026 - 2
Tue Aug 11 15:43:24 UTC 2026 - 3
Tue Aug 11 15:43:24 UTC 2026 - 4
Wed Aug 12 15:40:41 UTC 2026 - 1
Thu Aug 13 16:07:29 UTC 2026 - update 1
Thu Aug 13 16:07:29 UTC 2026 - update 2
Thu Aug 13 16:07:29 UTC 2026 - update 3
Thu Aug 13 16:07:29 UTC 2026 - update 4
Thu Aug 13 16:07:29 UTC 2026 - update 5
Fri Aug 14 15:19:46 UTC 2026 - update 1
Fri Aug 14 15:19:46 UTC 2026 - update 2
Fri Aug 14 15:19:46 UTC 2026 - update 3
Fri Aug 14 15:19:46 UTC 2026 - update 4
Fri Aug 14 15:19:46 UTC 2026 - update 5
Sat Aug 15 15:02:15 UTC 2026 - update 1
Sun Aug 16 14:42:44 UTC 2026 - update 1
Sun Aug 16 14:42:44 UTC 2026 - update 2
Mon Aug 17 15:13:46 UTC 2026 - update 1
Mon Aug 17 15:13:46 UTC 2026 - update 2
Tue Aug 18 14:42:19 UTC 2026 - update 1
